// Jest Snapshot v1, https://goo.gl/fbAQLP

exports[`<command-bar /> matches snapshot 1`] = `
<command-bar
  data-is={
    Array [
      "command-bar",
    ]
  }
>
  <nav
    aria-label={
      Array [
        "main navigation",
      ]
    }
    class={
      Array [
        "navbar",
      ]
    }
    role={
      Array [
        "navigation",
      ]
    }
  >
     
    <div
      class={
        Array [
          "navbar-brand",
        ]
      }
    >
       
      <div
        class={
          Array [
            "navbar-item",
          ]
        }
      >
         
        <button
          class={
            Array [
              "button is-outlined",
            ]
          }
          ref={
            Array [
              "shuffleButton",
            ]
          }
        >
          並べ替え
        </button>
         
      </div>
       
      <div
        class={
          Array [
            "navbar-item",
          ]
        }
      >
         
        <button
          class={
            Array [
              "button is-primary",
            ]
          }
          ref={
            Array [
              "copyButton",
            ]
          }
        >
          クリップボードにコピー
        </button>
         
      </div>
       
    </div>
     
    <div
      class={
        Array [
          "navbar-menu",
        ]
      }
    >
       
    </div>
     
  </nav>
</command-bar>
`;
