// Jest Snapshot v1, https://goo.gl/fbAQLP

exports[`<controlled-textarea /> matches snapshot 1`] = `
<controlled-textarea
  data-is={
    Array [
      "controlled-textarea",
    ]
  }
>
  <textarea
    class={
      Array [
        "textarea",
      ]
    }
    placeholder={
      Array [
        "句を改行区切りで貼り付けてください。",
      ]
    }
    ref={
      Array [
        "textarea",
      ]
    }
    rows={
      Array [
        "20",
      ]
    }
  />
</controlled-textarea>
`;
