// Jest Snapshot v1, https://goo.gl/fbAQLP

exports[`<senku-app /> matches snapshot 1`] = `
<senku-app
  data-is={
    Array [
      "senku-app",
    ]
  }
>
  <command-bar
    ref={
      Array [
        "commandBar",
      ]
    }
  />
   
  <controlled-textarea
    ref={
      Array [
        "editor",
      ]
    }
  />
</senku-app>
`;
